// Jest Snapshot v1, https://goo.gl/fbAQLP

exports[`LoginController POST /login with an invalid token throws a 401 1`] = `
Object {
  "message": "Unauthorized",
  "statusCode": 401,
}
`;

exports[`LoginController POST /login with no authorization header throws a 401 1`] = `
Object {
  "message": "Unauthorized",
  "statusCode": 401,
}
`;

exports[`LoginController POST /login with no email for the token throws a 401 1`] = `
Object {
  "message": "Unauthorized",
  "statusCode": 401,
}
`;
